---
source: tui/src/chatwidget/tests/side.rs
assertion_line: 438
expression: terminal.backend()
---
"                                                                                "
"                                                                                "
"› Check recently modified functions for compatibility                           "
"                                                                                "
"  gpt-5.6-sol default · /tmp/project              Standalone side conversation  "
